PS C:\Users\MOHANAPRAKASH\OneDrive\Documents\GitHub\GIT_Practise_5G> git branch
* Merge_Test_Branch
  main
PS C:\Users\MOHANAPRAKASH\OneDrive\Documents\GitHub\GIT_Practise_5G> git status
On branch Merge_Test_Branch
Changes not staged for commit:
  (use "git add/rm <file>..." to update what will be committed)
  (use "git restore <file>..." to discard changes in working directory)
        deleted:    Test_Program_One
        modified:   Test_Program_Two.py

Untracked files:
  (use "git add <file>..." to include in what will be committed)
        Test_Program_One.py

no changes added to commit (use "git add" and/or "git commit -a")
PS C:\Users\MOHANAPRAKASH\OneDrive\Documents\GitHub\GIT_Practise_5G> git add .
PS C:\Users\MOHANAPRAKASH\OneDrive\Documents\GitHub\GIT_Practise_5G> git commit -m "Changes Made For Merge_Test_Branch"
[Merge_Test_Branch a95f588] Changes Made For Merge_Test_Branch
 2 files changed, 2 insertions(+), 2 deletions(-)
 rename Test_Program_One => Test_Program_One.py (91%)
PS C:\Users\MOHANAPRAKASH\OneDrive\Documents\GitHub\GIT_Practise_5G> git push origin Merge_Test_Branch
Enumerating objects: 6, done.
Counting objects: 100% (6/6), done.
Delta compression using up to 12 threads
Compressing objects: 100% (4/4), done.
Writing objects: 100% (4/4), 512 bytes | 128.00 KiB/s, done.
Total 4 (delta 1), reused 0 (delta 0), pack-reused 0
remote: Resolving deltas: 100% (1/1), completed with 1 local object.
remote:
remote: Create a pull request for 'Merge_Test_Branch' on GitHub by visiting:
remote:      https://github.com/mohanaprakash-v/GIT_Practise_5G/pull/new/Merge_Test_Branch
remote:
To https://github.com/mohanaprakash-v/GIT_Practise_5G.git
 * [new branch]      Merge_Test_Branch -> Merge_Test_Branch
PS C:\Users\MOHANAPRAKASH\OneDrive\Documents\GitHub\GIT_Practise_5G> 
